
hola gud rng 
22 Jan 2024
hp@LAPTOP-NCJ3OSQO MINGW64 /d/github class/ragini/git 2.0(n) (master)
$ git init
Initialized empty Git repository in D:/github class/ragini/git 2.0(n)/.git/

hp@LAPTOP-NCJ3OSQO MINGW64 /d/github class/ragini/git 2.0(n) (master)
$ git config --global user.name "Ragni2267"

hp@LAPTOP-NCJ3OSQO MINGW64 /d/github class/ragini/git 2.0(n) (master)
$ git config --global user.email"ragni2267.be23@chitkara.edu.in"

hp@LAPTOP-NCJ3OSQO MINGW64 /d/github class/ragini/git 2.0(n) (master)
$ vi gitbash.txt

hp@LAPTOP-NCJ3OSQO MINGW64 /d/github class/ragini/git 2.0(n) (master)
$ cat gitbash.txt

hola gud mrng

hp@LAPTOP-NCJ3OSQO MINGW64 /d/github class/ragini/git 2.0(n) (master)
$ git add gitbash.txt

hp@LAPTOP-NCJ3OSQO MINGW64 /d/github class/ragini/git 2.0(n) (master)
$ git status
On branch master

No commits yet

Changes to be committed:
  (use "git rm --cached <file>..." to unstage)
        new file:   gitbash.txt


hp@LAPTOP-NCJ3OSQO MINGW64 /d/github class/ragini/git 2.0(n) (master)
$ vi gitbash.txt

hp@LAPTOP-NCJ3OSQO MINGW64 /d/github class/ragini/git 2.0(n) (master)
$ git diff
diff --git a/gitbash.txt b/gitbash.txt
index f033e62..13624aa 100644
--- a/gitbash.txt
+++ b/gitbash.txt
@@ -1,2 +1,3 @@

-hola gud mrng ^S
+hola gud rng ^S
+22 Jan 2024^S

hp@LAPTOP-NCJ3OSQO MINGW64 /d/github class/ragini/git 2.0(n) (master)
$
